
> arfeen-portal@0.1.0 build
> next build

  Γû▓ Next.js 14.2.5
  - Environments: .env.local

   Creating an optimized production build ...
node.exe : Browserslist: browsers data (caniuse-lite) is 6 months old. Please run:
At line:1 char:1
+ & "C:\Program Files\nodejs/node.exe" "C:\Program Files\nodejs/node_mo ...
+ ~~~~~~~~~~~~~~~~~~~~~~~~~~~~~~~~~~~~~~~~~~~~~~~~~~~~~~~~~~~~~~~~~~~~~
    + CategoryInfo          : NotSpecified: (Browserslist: b...ld. Please run::String) [], RemoteException
    + FullyQualifiedErrorId : NativeCommandError
 
  npx update-browserslist-db@latest
  Why you should do it regularly: https://github.com/browserslist/update-db#readme
 Γ£ô Compiled successfully
   Linting and checking validity of types ...
Failed to compile.

./src/app/admin/api/agents/import/finalize/route.ts:21:41
Type error: 'supabase' is possibly 'null'.

[0m [90m 19 |[39m     }[0m
[0m [90m 20 |[39m[0m
[0m[31m[1m>[22m[39m[90m 21 |[39m     [36mconst[39m { data[33m:[39m stagingRows } [33m=[39m [36mawait[39m supabase[0m
[0m [90m    |[39m                                         [31m[1m^[22m[39m[0m
[0m [90m 22 |[39m       [33m.[39m[36mfrom[39m([32m"agent_import_staging"[39m)[0m
[0m [90m 23 |[39m       [33m.[39mselect([32m"*"[39m)[0m
[0m [90m 24 |[39m       [33m.[39meq([32m"batch_id"[39m[33m,[39m batchId)[33m;[39m[0m
